{
  "utility_storage": [
    {
      "id": 1,
      "name": "updated name",
      "description": "updated description",
      "link": "updated link"
    },
    {
      "id": 2,
      "name": "Test Utility",
      "description": "Test Description",
      "link": "https://example.com/2"
    }
  ]
}