{
  "utility_storage": [
    {
      "id": 2,
      "name": "Test Utility",
      "description": "Test Description",
      "link": "https://example.com/2"
    }
  ]
}